acpi
alsa-firmware
alsa-oss
alsa-plugins
alsa-tools
alsa-utils-transparent
alsaplayer
arch-audit
archlinux-artwork
atool
autoconf
automake
bash
bash-completion
bbswitch
beep
bind-tools
binutils
bison
blueberry
blueman
bluez
bluez-cups
bluez-firmware
bluez-plugins
bluez-qt
bluez-utils
bridge-utils
bzip2
cava
ccid
chromium
clusterssh
cmus
conky
corefreq-git
coreutils
cpupower
cryptsetup
cvs
device-mapper
dhcpcd
dialog
diffutils
dmidecode
dnsmasq
dunst
dwm
dzen2
e2fsprogs
erusfont
evince
exfat-utils
fakeroot
fb-client
feh
ffmpeg
ffmpegthumbnailer
file
file-roller
filesystem
filezilla
findutils
firewalld
freerdp
fswebcam
fwbuilder
gawk
gdb
gettext
gimp
gksu
glibc
gnome-alsamixer
gnome-bluetooth
gnome-disk-utility
gnome-system-monitor
gpart
gparted
gprename
grep
gst-plugins-bad
gst-plugins-good
gst-plugins-ugly
gstreamer0.10-ffmpeg
gstreamer0.10-good-plugins
gstreamer0.10-ugly-plugins
gthumb
gtk-engine-aurora
gtk-engine-murrine
gtk-engines
gtk2fontsel
gutenprint
gvim
gwget
gzip
htop
i3lock
icaclient
iftop
inetutils
iotop
iproute2
iputils
irssi
isomaster
iw
jfsutils
john
jre
keepass
kwin
less
lib32-dbus-glib
lib32-gconf
lib32-gtk2
lib32-gtk3
lib32-libcanberra
lib32-libnm-glib
lib32-libudev0-shim
lib32-mesa-libgl
lib32-mesa-vdpau
lib32-nss
lib32-openal
lib32-virtualgl
libev
libnetctlgui
libreoffice-still
libvdpau-va-gl
libvirt
libvncserver
licenses
liferea
lightdm
lightdm-gtk-greeter
lightdm-gtk-greeter-settings
linux
logrotate
lsb-release
lvm2
make
man-db
man-pages
mc
mdadm
mesa-libgl
mesa-vdpau
minicom
moonlight
most
mousepad
mp3info
mplayer
multibootusb
nano
netctl
netctl-gui
netctlgui-helper
ninja
nitrogen
ntfs-3g
obs-studio
oh-my-zsh-git
openssh
openvpn
ovmf-git
package-query
pacman
patch
pavucontrol
pciutils
pcmciautils
pcsc-tools
perl
pkg-config
pkgfile
plasma5-applet-netctl-gui
plymouth
plymouth-theme-dark-arch
pm-utils
pngquant
powertop
procps-ng
psmisc
pulseaudio-alsa
pulseaudio-bluetooth
putty
python-lxml
python-pip
q4wine
qemu
qt5-connectivity
ranger
reiserfsprogs
remmina
remmina-plugin-rdesktop
remmina-plugin-ultravnc
rxvt-unicode
s-nail
samba
screen
screenfetch
scrot
sed
shadow
skypeforlinux-bin
speedometer-git
spice-vdagent
sshfs
stalonetray
steam
strace
sudo
sysfsutils
systemd-sysvcompat
systemsettings
tar
teamviewer11
terminus-font
testdisk
texinfo
thunar
thunar-archive-plugin
tmux
trayer
tuxcmd
tuxcmd-modules
urxvt-perls
usbutils
util-linux
veracrypt
vi
virt-manager
virt-viewer
virtualbox
vlc
vmware-horizon-client
vmware-horizon-rtav
vmware-horizon-smartcard
vmware-horizon-usb
vsftpd
which
wine
wmctrl
wpa_actiond
wpa_supplicant
xautolock
xbindkeys_config-gtk2
xclip
xdotool
xf86-video-intel
xfburn
xfce4-appfinder
xfce4-artwork
xfce4-taskmanager
xfreq-git
xfsprogs
xlockmore
xorg-server
xorg-server-xephyr
xorg-xbacklight
xorg-xfontsel
xorg-xinput
xorg-xkill
xorg-xrandr
xorg-xsetroot
xscreensaver
yaourt
zsh
